// Jest Snapshot v1, https://goo.gl/fbAQLP

exports[`renders correctly on the tree 1`] = `
<div
  className="flex flex-col md:flex-row items-center gap-y-10 md:items-start justify-evenly mt-[50px] md:mt-[100px]"
>
  <h1
    className="text-2xl md:text-3xl ml-2 md:ml-0 w-[300px] md:w-[600px] md:p-4 text-slate font-montserrat font-thin md:font-normal rounded-xl bg-orange-500 p-2"
  >
    Let's do some maths magic!
  </h1>
  <div
    className="flex flex-col items-center justify-center "
  >
    <div
      className="flex bg-slate-600 rounded-tl-xl rounded-tr-xl w-[300px] md:w-[400px] h-[50px] items-center justify-end pr-4 text-white font-medium"
    >
      <p>
        0
      </p>
    </div>
    <div
      className="w-[300px] md:w-[400px]"
    >
      <div
        className="grid gird-rows-3 md:grid-rows-4 h-[300px]"
      >
        <div
          className="row-start-1"
        >
          <button
            className="bg-slate-200 hover:bg-slate-300 cursor-pointer w-[80px] md:w-[100px] h-[50px] border-slate-300 border border-[0.5px] text-black font-thin"
            onClick={[Function]}
            type="button"
          >
            AC
          </button>
          <button
            className="bg-slate-200 hover:bg-slate-300 cursor-pointer w-[80px] md:w-[100px] h-[50px] border-slate-300 border border-[0.5px] text-black font-thin"
            onClick={[Function]}
            type="button"
          >
            +/-
          </button>
          <button
            className="bg-slate-200 hover:bg-slate-300 cursor-pointer w-[80px] md:w-[100px] h-[50px] border-slate-300 border border-[0.5px] text-black font-thin"
            onClick={[Function]}
            type="button"
          >
            %
          </button>
          <button
            className="bg-slate-200 hover:bg-slate-300 cursor-pointer w-[80px] md:w-[100px] h-[50px] border-slate-300 border border-[0.5px] text-black font-thin"
            onClick={[Function]}
            type="button"
          >
            7
          </button>
          <button
            className="bg-slate-200 hover:bg-slate-300 cursor-pointer w-[80px] md:w-[100px] h-[50px] border-slate-300 border border-[0.5px] text-black font-thin"
            onClick={[Function]}
            type="button"
          >
            8
          </button>
          <button
            className="bg-slate-200 hover:bg-slate-300 cursor-pointer w-[80px] md:w-[100px] h-[50px] border-slate-300 border border-[0.5px] text-black font-thin"
            onClick={[Function]}
            type="button"
          >
            9
          </button>
          <button
            className="bg-slate-200 hover:bg-slate-300 cursor-pointer w-[80px] md:w-[100px] h-[50px] border-slate-300 border border-[0.5px] text-black font-thin"
            onClick={[Function]}
            type="button"
          >
            4
          </button>
          <button
            className="bg-slate-200 hover:bg-slate-300 cursor-pointer w-[80px] md:w-[100px] h-[50px] border-slate-300 border border-[0.5px] text-black font-thin"
            onClick={[Function]}
            type="button"
          >
            5
          </button>
          <button
            className="bg-slate-200 hover:bg-slate-300 cursor-pointer w-[80px] md:w-[100px] h-[50px] border-slate-300 border border-[0.5px] text-black font-thin"
            onClick={[Function]}
            type="button"
          >
            6
          </button>
          <button
            className="bg-slate-200 hover:bg-slate-300 cursor-pointer w-[80px] md:w-[100px] h-[50px] border-slate-300 border border-[0.5px] text-black font-thin"
            onClick={[Function]}
            type="button"
          >
            1
          </button>
          <button
            className="bg-slate-200 hover:bg-slate-300 cursor-pointer w-[80px] md:w-[100px] h-[50px] border-slate-300 border border-[0.5px] text-black font-thin"
            onClick={[Function]}
            type="button"
          >
            2
          </button>
          <button
            className="bg-slate-200 hover:bg-slate-300 cursor-pointer w-[80px] md:w-[100px] h-[50px] border-slate-300 border border-[0.5px] text-black font-thin"
            onClick={[Function]}
            type="button"
          >
            3
          </button>
          <button
            className="bg-slate-200 w-[160px] md:w-[200px] h-[50px] border-slate-300 border-[0.5px] hover:bg-slate-300 cursor-pointer text-black font-thin rounded-bl-xl"
            type="button"
          >
            0
          </button>
          <button
            className="bg-slate-200 w-[80px] md:w-[100px] h-[50px] border-slate-300 border-[0.5px] hover:bg-slate-300 cursor-pointer text-black font-thin"
            type="button"
          >
            .
          </button>
        </div>
        <div
          className="row-start-1"
        >
          <div
            className="flex flex-col"
          >
            <button
              className="bg-orange-500 hover:bg-orange-400 cursor-pointer border-slate-300 border border-[0.5px] w-[60px] md:w-[100px] h-[50px] text-black font-thin"
              onClick={[Function]}
              type="button"
            >
              รท
            </button>
            <button
              className="bg-orange-500 hover:bg-orange-400 cursor-pointer border-slate-300 border border-[0.5px] w-[60px] md:w-[100px] h-[50px] text-black font-thin"
              onClick={[Function]}
              type="button"
            >
              x
            </button>
            <button
              className="bg-orange-500 hover:bg-orange-400 cursor-pointer border-slate-300 border border-[0.5px] w-[60px] md:w-[100px] h-[50px] text-black font-thin"
              onClick={[Function]}
              type="button"
            >
              -
            </button>
            <button
              className="bg-orange-500 hover:bg-orange-400 cursor-pointer border-slate-300 border border-[0.5px] w-[60px] md:w-[100px] h-[50px] text-black font-thin"
              onClick={[Function]}
              type="button"
            >
              +
            </button>
            <button
              className="bg-orange-500 hover:bg-orange-400 cursor-pointer border-slate-300 border border-[0.5px] w-[60px] md:w-[100px] h-[50px] text-black font-thin rounded-br-xl"
              onClick={[Function]}
              type="button"
            >
              =
            </button>
          </div>
        </div>
      </div>
    </div>
  </div>
</div>
`;

exports[`renders correctly when there are no items 1`] = `
<div
  className="flex flex-col md:flex-row items-center gap-y-10 md:items-start justify-evenly mt-[50px] md:mt-[100px]"
>
  <h1
    className="text-2xl md:text-3xl ml-2 md:ml-0 w-[300px] md:w-[600px] md:p-4 text-slate font-montserrat font-thin md:font-normal rounded-xl bg-orange-500 p-2"
  >
    Let's do some maths magic!
  </h1>
  <div
    className="flex flex-col items-center justify-center "
  >
    <div
      className="flex bg-slate-600 rounded-tl-xl rounded-tr-xl w-[300px] md:w-[400px] h-[50px] items-center justify-end pr-4 text-white font-medium"
    >
      <p>
        0
      </p>
    </div>
    <div
      className="w-[300px] md:w-[400px]"
    >
      <div
        className="grid gird-rows-3 md:grid-rows-4 h-[300px]"
      >
        <div
          className="row-start-1"
        >
          <button
            className="bg-slate-200 hover:bg-slate-300 cursor-pointer w-[80px] md:w-[100px] h-[50px] border-slate-300 border border-[0.5px] text-black font-thin"
            onClick={[Function]}
            type="button"
          >
            AC
          </button>
          <button
            className="bg-slate-200 hover:bg-slate-300 cursor-pointer w-[80px] md:w-[100px] h-[50px] border-slate-300 border border-[0.5px] text-black font-thin"
            onClick={[Function]}
            type="button"
          >
            +/-
          </button>
          <button
            className="bg-slate-200 hover:bg-slate-300 cursor-pointer w-[80px] md:w-[100px] h-[50px] border-slate-300 border border-[0.5px] text-black font-thin"
            onClick={[Function]}
            type="button"
          >
            %
          </button>
          <button
            className="bg-slate-200 hover:bg-slate-300 cursor-pointer w-[80px] md:w-[100px] h-[50px] border-slate-300 border border-[0.5px] text-black font-thin"
            onClick={[Function]}
            type="button"
          >
            7
          </button>
          <button
            className="bg-slate-200 hover:bg-slate-300 cursor-pointer w-[80px] md:w-[100px] h-[50px] border-slate-300 border border-[0.5px] text-black font-thin"
            onClick={[Function]}
            type="button"
          >
            8
          </button>
          <button
            className="bg-slate-200 hover:bg-slate-300 cursor-pointer w-[80px] md:w-[100px] h-[50px] border-slate-300 border border-[0.5px] text-black font-thin"
            onClick={[Function]}
            type="button"
          >
            9
          </button>
          <button
            className="bg-slate-200 hover:bg-slate-300 cursor-pointer w-[80px] md:w-[100px] h-[50px] border-slate-300 border border-[0.5px] text-black font-thin"
            onClick={[Function]}
            type="button"
          >
            4
          </button>
          <button
            className="bg-slate-200 hover:bg-slate-300 cursor-pointer w-[80px] md:w-[100px] h-[50px] border-slate-300 border border-[0.5px] text-black font-thin"
            onClick={[Function]}
            type="button"
          >
            5
          </button>
          <button
            className="bg-slate-200 hover:bg-slate-300 cursor-pointer w-[80px] md:w-[100px] h-[50px] border-slate-300 border border-[0.5px] text-black font-thin"
            onClick={[Function]}
            type="button"
          >
            6
          </button>
          <button
            className="bg-slate-200 hover:bg-slate-300 cursor-pointer w-[80px] md:w-[100px] h-[50px] border-slate-300 border border-[0.5px] text-black font-thin"
            onClick={[Function]}
            type="button"
          >
            1
          </button>
          <button
            className="bg-slate-200 hover:bg-slate-300 cursor-pointer w-[80px] md:w-[100px] h-[50px] border-slate-300 border border-[0.5px] text-black font-thin"
            onClick={[Function]}
            type="button"
          >
            2
          </button>
          <button
            className="bg-slate-200 hover:bg-slate-300 cursor-pointer w-[80px] md:w-[100px] h-[50px] border-slate-300 border border-[0.5px] text-black font-thin"
            onClick={[Function]}
            type="button"
          >
            3
          </button>
          <button
            className="bg-slate-200 w-[160px] md:w-[200px] h-[50px] border-slate-300 border-[0.5px] hover:bg-slate-300 cursor-pointer text-black font-thin rounded-bl-xl"
            type="button"
          >
            0
          </button>
          <button
            className="bg-slate-200 w-[80px] md:w-[100px] h-[50px] border-slate-300 border-[0.5px] hover:bg-slate-300 cursor-pointer text-black font-thin"
            type="button"
          >
            .
          </button>
        </div>
        <div
          className="row-start-1"
        >
          <div
            className="flex flex-col"
          >
            <button
              className="bg-orange-500 hover:bg-orange-400 cursor-pointer border-slate-300 border border-[0.5px] w-[60px] md:w-[100px] h-[50px] text-black font-thin"
              onClick={[Function]}
              type="button"
            >
              รท
            </button>
            <button
              className="bg-orange-500 hover:bg-orange-400 cursor-pointer border-slate-300 border border-[0.5px] w-[60px] md:w-[100px] h-[50px] text-black font-thin"
              onClick={[Function]}
              type="button"
            >
              x
            </button>
            <button
              className="bg-orange-500 hover:bg-orange-400 cursor-pointer border-slate-300 border border-[0.5px] w-[60px] md:w-[100px] h-[50px] text-black font-thin"
              onClick={[Function]}
              type="button"
            >
              -
            </button>
            <button
              className="bg-orange-500 hover:bg-orange-400 cursor-pointer border-slate-300 border border-[0.5px] w-[60px] md:w-[100px] h-[50px] text-black font-thin"
              onClick={[Function]}
              type="button"
            >
              +
            </button>
            <button
              className="bg-orange-500 hover:bg-orange-400 cursor-pointer border-slate-300 border border-[0.5px] w-[60px] md:w-[100px] h-[50px] text-black font-thin rounded-br-xl"
              onClick={[Function]}
              type="button"
            >
              =
            </button>
          </div>
        </div>
      </div>
    </div>
  </div>
</div>
`;
